../Core/Src/main.c:85:6:isPowerOfTwo	0	static
../Core/Src/main.c:88:6:saveBuffer	0	static
../Core/Src/main.c:95:6:HAL_UART_RxCpltCallback	24	static
../Core/Src/main.c:183:6:HAL_UART_TxCpltCallback	8	static
../Core/Src/main.c:189:5:get_pos	0	static
../Core/Src/main.c:197:6:HAL_GPIO_EXTI_Callback	8	static
../Core/Src/main.c:286:6:SystemClock_Config	104	static,ignoring_inline_asm
../Core/Src/main.c:215:5:main	72	static,ignoring_inline_asm
../Core/Src/main.c:531:6:Error_Handler	0	static,ignoring_inline_asm
